   1              		.cpu cortex-m4
   2              		.arch armv7e-m
   3              		.fpu fpv4-sp-d16
   4              		.eabi_attribute 27, 1
   5              		.eabi_attribute 20, 1
   6              		.eabi_attribute 21, 1
   7              		.eabi_attribute 23, 3
   8              		.eabi_attribute 24, 1
   9              		.eabi_attribute 25, 1
  10              		.eabi_attribute 26, 1
  11              		.eabi_attribute 30, 1
  12              		.eabi_attribute 34, 1
  13              		.eabi_attribute 18, 4
  14              		.file	"dimming.c"
  15              		.text
  16              	.Ltext0:
  17              		.cfi_sections	.debug_frame
  18              		.file 1 "dimming.c"
  19              		.section	.rodata.str1.4,"aMS",%progbits,1
  20              		.align	2
  21              	.LC0:
  22 0000 55415254 		.ascii	"UART ready @115200\015\000"
  22      20726561 
  22      64792040 
  22      31313532 
  22      30300D00 
  23              		.align	2
  24              	.LC1:
  25 0014 49204341 		.ascii	"I CAN MORSE\000"
  25      4E204D4F 
  25      52534500 
  26              		.section	.text.main,"ax",%progbits
  27              		.align	1
  28              		.global	main
  29              		.syntax unified
  30              		.thumb
  31              		.thumb_func
  33              	main:
  34              	.LFB131:
   1:dimming.c     **** #include <xmc_common.h>
   2:dimming.c     **** #include <stdio.h>
   3:dimming.c     **** 
   4:dimming.c     **** #include "MORSE_ALPHABET.h"
   5:dimming.c     **** #include "MORSE_ENCODER.h"
   6:dimming.c     **** 
   7:dimming.c     **** void initCCU4(void);
   8:dimming.c     **** void connectLED(void);
   9:dimming.c     **** 
  10:dimming.c     **** /*
  11:dimming.c     ****   const XMC_GPIO_CONFIG_t LED_config = \
  12:dimming.c     ****         {.mode=XMC_GPIO_MODE_OUTPUT_PUSH_PULL,\
  13:dimming.c     ****          .output_level=XMC_GPIO_OUTPUT_LEVEL_LOW,\
  14:dimming.c     ****          .output_strength=XMC_GPIO_OUTPUT_STRENGTH_STRONG_SHARP_EDGE};
  15:dimming.c     **** 
  16:dimming.c     ****   XMC_GPIO_Init(XMC_GPIO_PORT1, 0, &LED_config);
  17:dimming.c     **** */
  18:dimming.c     **** 
  19:dimming.c     **** int main(void) 
  20:dimming.c     **** {
  35              		.loc 1 20 1 view -0
  36              		.cfi_startproc
  37              		@ args = 0, pretend = 0, frame = 0
  38              		@ frame_needed = 1, uses_anonymous_args = 0
  39 0000 80B5     		push	{r7, lr}
  40              	.LCFI0:
  41              		.cfi_def_cfa_offset 8
  42              		.cfi_offset 7, -8
  43              		.cfi_offset 14, -4
  44 0002 00AF     		add	r7, sp, #0
  45              	.LCFI1:
  46              		.cfi_def_cfa_register 7
  21:dimming.c     ****   // initCCU4();
  22:dimming.c     ****   const char* word = "I CAN MORSE";
  47              		.loc 1 22 3 view .LVU1
  48              	.LVL0:
  23:dimming.c     ****   printf("UART ready @115200\r\n");
  49              		.loc 1 23 3 view .LVU2
  50 0004 0348     		ldr	r0, .L4
  51 0006 FFF7FEFF 		bl	puts
  52              	.LVL1:
  24:dimming.c     ****   ConvertWordToMorseWord(word);
  53              		.loc 1 24 3 view .LVU3
  54 000a 0348     		ldr	r0, .L4+4
  55 000c FFF7FEFF 		bl	ConvertWordToMorseWord
  56              	.LVL2:
  57              	.L2:
  25:dimming.c     **** 
  26:dimming.c     ****   while(1);
  58              		.loc 1 26 3 view .LVU4
  59              		.loc 1 26 8 view .LVU5
  60 0010 FEE7     		b	.L2
  61              	.L5:
  62 0012 00BF     		.align	2
  63              	.L4:
  64 0014 00000000 		.word	.LC0
  65 0018 14000000 		.word	.LC1
  66              		.cfi_endproc
  67              	.LFE131:
  69              		.section	.text.connectLED,"ax",%progbits
  70              		.align	1
  71              		.global	connectLED
  72              		.syntax unified
  73              		.thumb
  74              		.thumb_func
  76              	connectLED:
  77              	.LFB133:
  27:dimming.c     ****   return 0;
  28:dimming.c     **** }
  29:dimming.c     **** 
  30:dimming.c     **** void initCCU4(void) 
  31:dimming.c     **** {
  32:dimming.c     ****   /* Release CCU4 instance 0 from reset*/
  33:dimming.c     ****   SCU_RESET->PRCLR0 = SCU_RESET_PRCLR0_CCU40RS_Msk;
  34:dimming.c     ****   /* Enable clock to CCUs*/
  35:dimming.c     ****   SCU_CLK->CLKSET = SCU_CLK_CLKSET_CCUCEN_Msk;
  36:dimming.c     ****   /* Enable prescaler in CCU4 instance 0*/
  37:dimming.c     ****   CCU40->GIDLC = CCU4_GIDLC_SPRB_Msk;
  38:dimming.c     ****   /* Configure period and compare in CCU4 instance 0 slice 2*/
  39:dimming.c     ****   CCU40_CC42->PRS = 0xFFFF;
  40:dimming.c     ****   CCU40_CC42->CRS = (1 - 0.01) * 0xFFFF;
  41:dimming.c     ****   /* Request shadow transfer for CCU4 instance 0 slice 2*/
  42:dimming.c     ****   CCU40->GCSS = CCU4_GCSS_S2SE_Msk;
  43:dimming.c     ****   /* Connect LED1 to CCU40.OUT2 */
  44:dimming.c     ****   connectLED();
  45:dimming.c     ****   /* Enable timer slice 2 in CCU4 instance 0*/
  46:dimming.c     ****   CCU40->GIDLC = CCU4_GIDLC_CS2I_Msk;
  47:dimming.c     ****   /* Start slice 2 in CCU4 instance 0 by setting run bit*/
  48:dimming.c     ****   CCU40_CC42->TCSET = CCU4_CC4_TCSET_TRBS_Msk;
  49:dimming.c     **** }
  50:dimming.c     **** 
  51:dimming.c     **** void connectLED(void) 
  52:dimming.c     **** {
  78              		.loc 1 52 1 view -0
  79              		.cfi_startproc
  80              		@ args = 0, pretend = 0, frame = 0
  81              		@ frame_needed = 1, uses_anonymous_args = 0
  82              		@ link register save eliminated.
  83 0000 80B4     		push	{r7}
  84              	.LCFI2:
  85              		.cfi_def_cfa_offset 4
  86              		.cfi_offset 7, -4
  87 0002 00AF     		add	r7, sp, #0
  88              	.LCFI3:
  89              		.cfi_def_cfa_register 7
  53:dimming.c     ****   /* Bit mask for alternate function 3 with push-pull output */
  54:dimming.c     ****   static const uint8_t PP_ALT3 = 0b10011;
  90              		.loc 1 54 3 view .LVU7
  55:dimming.c     ****   PORT1->IOCR0 = (PORT1->IOCR0 & ~PORT1_IOCR0_PC1_Msk) | (PP_ALT3 << PORT1_IOCR0_PC1_Pos);
  91              		.loc 1 55 3 view .LVU8
  92              		.loc 1 55 24 is_stmt 0 view .LVU9
  93 0004 054A     		ldr	r2, .L8
  94 0006 1369     		ldr	r3, [r2, #16]
  95              		.loc 1 55 32 view .LVU10
  96 0008 23F47843 		bic	r3, r3, #63488
  97              		.loc 1 55 56 view .LVU11
  98 000c 43F41843 		orr	r3, r3, #38912
  99              		.loc 1 55 16 view .LVU12
 100 0010 1361     		str	r3, [r2, #16]
  56:dimming.c     **** }
 101              		.loc 1 56 1 view .LVU13
 102 0012 BD46     		mov	sp, r7
 103              	.LCFI4:
 104              		.cfi_def_cfa_register 13
 105              		@ sp needed
 106 0014 5DF8047B 		ldr	r7, [sp], #4
 107              	.LCFI5:
 108              		.cfi_restore 7
 109              		.cfi_def_cfa_offset 0
 110 0018 7047     		bx	lr
 111              	.L9:
 112 001a 00BF     		.align	2
 113              	.L8:
 114 001c 00810248 		.word	1208123648
 115              		.cfi_endproc
 116              	.LFE133:
 118              		.section	.text.initCCU4,"ax",%progbits
 119              		.align	1
 120              		.global	initCCU4
 121              		.syntax unified
 122              		.thumb
 123              		.thumb_func
 125              	initCCU4:
 126              	.LFB132:
  31:dimming.c     ****   /* Release CCU4 instance 0 from reset*/
 127              		.loc 1 31 1 is_stmt 1 view -0
 128              		.cfi_startproc
 129              		@ args = 0, pretend = 0, frame = 0
 130              		@ frame_needed = 1, uses_anonymous_args = 0
 131 0000 F8B5     		push	{r3, r4, r5, r6, r7, lr}
 132              	.LCFI6:
 133              		.cfi_def_cfa_offset 24
 134              		.cfi_offset 3, -24
 135              		.cfi_offset 4, -20
 136              		.cfi_offset 5, -16
 137              		.cfi_offset 6, -12
 138              		.cfi_offset 7, -8
 139              		.cfi_offset 14, -4
 140 0002 00AF     		add	r7, sp, #0
 141              	.LCFI7:
 142              		.cfi_def_cfa_register 7
  33:dimming.c     ****   /* Enable clock to CCUs*/
 143              		.loc 1 33 3 view .LVU15
  33:dimming.c     ****   /* Enable clock to CCUs*/
 144              		.loc 1 33 21 is_stmt 0 view .LVU16
 145 0004 0426     		movs	r6, #4
 146 0006 0C4B     		ldr	r3, .L12
 147 0008 5E61     		str	r6, [r3, #20]
  35:dimming.c     ****   /* Enable prescaler in CCU4 instance 0*/
 148              		.loc 1 35 3 is_stmt 1 view .LVU17
  35:dimming.c     ****   /* Enable prescaler in CCU4 instance 0*/
 149              		.loc 1 35 19 is_stmt 0 view .LVU18
 150 000a 03F50073 		add	r3, r3, #512
 151 000e 1022     		movs	r2, #16
 152 0010 5A60     		str	r2, [r3, #4]
  37:dimming.c     ****   /* Configure period and compare in CCU4 instance 0 slice 2*/
 153              		.loc 1 37 3 is_stmt 1 view .LVU19
  37:dimming.c     ****   /* Configure period and compare in CCU4 instance 0 slice 2*/
 154              		.loc 1 37 16 is_stmt 0 view .LVU20
 155 0012 0A4D     		ldr	r5, .L12+4
 156 0014 4FF48073 		mov	r3, #256
 157 0018 EB60     		str	r3, [r5, #12]
  39:dimming.c     ****   CCU40_CC42->CRS = (1 - 0.01) * 0xFFFF;
 158              		.loc 1 39 3 is_stmt 1 view .LVU21
  39:dimming.c     ****   CCU40_CC42->CRS = (1 - 0.01) * 0xFFFF;
 159              		.loc 1 39 19 is_stmt 0 view .LVU22
 160 001a 094C     		ldr	r4, .L12+8
 161 001c 4FF6FF72 		movw	r2, #65535
 162 0020 6263     		str	r2, [r4, #52]
  40:dimming.c     ****   /* Request shadow transfer for CCU4 instance 0 slice 2*/
 163              		.loc 1 40 3 is_stmt 1 view .LVU23
  40:dimming.c     ****   /* Request shadow transfer for CCU4 instance 0 slice 2*/
 164              		.loc 1 40 19 is_stmt 0 view .LVU24
 165 0022 4FF66F52 		movw	r2, #64879
 166 0026 E263     		str	r2, [r4, #60]
  42:dimming.c     ****   /* Connect LED1 to CCU40.OUT2 */
 167              		.loc 1 42 3 is_stmt 1 view .LVU25
  42:dimming.c     ****   /* Connect LED1 to CCU40.OUT2 */
 168              		.loc 1 42 15 is_stmt 0 view .LVU26
 169 0028 2B61     		str	r3, [r5, #16]
  44:dimming.c     ****   /* Enable timer slice 2 in CCU4 instance 0*/
 170              		.loc 1 44 3 is_stmt 1 view .LVU27
 171 002a FFF7FEFF 		bl	connectLED
 172              	.LVL3:
  46:dimming.c     ****   /* Start slice 2 in CCU4 instance 0 by setting run bit*/
 173              		.loc 1 46 3 view .LVU28
  46:dimming.c     ****   /* Start slice 2 in CCU4 instance 0 by setting run bit*/
 174              		.loc 1 46 16 is_stmt 0 view .LVU29
 175 002e EE60     		str	r6, [r5, #12]
  48:dimming.c     **** }
 176              		.loc 1 48 3 is_stmt 1 view .LVU30
  48:dimming.c     **** }
 177              		.loc 1 48 21 is_stmt 0 view .LVU31
 178 0030 0123     		movs	r3, #1
 179 0032 E360     		str	r3, [r4, #12]
  49:dimming.c     **** 
 180              		.loc 1 49 1 view .LVU32
 181 0034 F8BD     		pop	{r3, r4, r5, r6, r7, pc}
 182              	.L13:
 183 0036 00BF     		.align	2
 184              	.L12:
 185 0038 00440050 		.word	1342194688
 186 003c 00C00040 		.word	1073790976
 187 0040 00C30040 		.word	1073791744
 188              		.cfi_endproc
 189              	.LFE132:
 191              		.text
 192              	.Letext0:
 193              		.file 2 "/usr/lib/gcc/arm-none-eabi/13.2.1/include/stdint.h"
 194              		.file 3 "/opt/XMClib/XMC_Peripheral_Library_v2.1.16/CMSIS/Infineon/XMC4500_series/Include/XMC4500.
 195              		.file 4 "MORSE_ALPHABET.h"
 196              		.file 5 "MORSE_ENCODER.h"
 197              		.file 6 "<built-in>"
DEFINED SYMBOLS
                            *ABS*:00000000 dimming.c
     /tmp/ccxgPJRI.s:20     .rodata.str1.4:00000000 $d
     /tmp/ccxgPJRI.s:27     .text.main:00000000 $t
     /tmp/ccxgPJRI.s:33     .text.main:00000000 main
     /tmp/ccxgPJRI.s:64     .text.main:00000014 $d
     /tmp/ccxgPJRI.s:70     .text.connectLED:00000000 $t
     /tmp/ccxgPJRI.s:76     .text.connectLED:00000000 connectLED
     /tmp/ccxgPJRI.s:114    .text.connectLED:0000001c $d
     /tmp/ccxgPJRI.s:119    .text.initCCU4:00000000 $t
     /tmp/ccxgPJRI.s:125    .text.initCCU4:00000000 initCCU4
     /tmp/ccxgPJRI.s:185    .text.initCCU4:00000038 $d
                           .group:00000000 wm4.0.eca5e4c8f76cf8ead8dbeb0f481279d1
                           .group:00000000 wm4.stddef.h.39.38eb7ec030421799c657b13be5aa21c7
                           .group:00000000 wm4.stdint.h.29.6d480f4ba0f60596e88234283d42444f
                           .group:00000000 wm4.stdbool.h.29.c08aa3eec75cf5b9b5003883f43253f0
                           .group:00000000 wm4._newlib_version.h.4.411db44ea2338a62eca2f0777f81481b
                           .group:00000000 wm4.newlib.h.27.07bf1b8b16da454ae07478107717878b
                           .group:00000000 wm4.ieeefp.h.77.5ad60f72ea25fc152400b550ac118212
                           .group:00000000 wm4.features.h.22.c11ecc6cb8b914ead0c0895c00b4b4d5
                           .group:00000000 wm4.config.h.224.10ee1ad185d877c6e334e6581faab44d
                           .group:00000000 wm4._ansi.h.31.de524f58584151836e90d8620a16f8e8
                           .group:00000000 wm4._default_types.h.6.959254cf5f09734ea7516c89e8bb21bd
                           .group:00000000 wm4.cdefs.h.49.a0dc0a4a6c7d01e2e5d0aade9399215f
                           .group:00000000 wm4._types.h.20.dd0d04dca3800a0d2a6129b87f3adbb2
                           .group:00000000 wm4.stddef.h.158.6f8e08a347b1cff664332fa350bfceb3
                           .group:00000000 wm4._types.h.127.3bdfe3ff8ea2d0985b03d9cbe93480e3
                           .group:00000000 wm4.reent.h.18.25503cdc8b7e55dd0d6ea7b3e5af7a03
                           .group:00000000 wm4.lock.h.2.c0958401bd0ce484d507ee19aacab817
                           .group:00000000 wm4.reent.h.78.7f0775353a33c852a1479c008f68cd03
                           .group:00000000 wm4.string.h.15.dab3980bf35408a4c507182805e2de3a
                           .group:00000000 wm4.stddef.h.158.eec8bf00b5213f43d095cb984c5f22e3
                           .group:00000000 wm4.xmc_device.h.61.ba2d082e12f51240746cffdd60d42b81
                           .group:00000000 wm4.XMC4500.h.55.9aa45b9b5790506b2dcb963e4e7adeaf
                           .group:00000000 wm4.core_cm4.h.32.6c6eb1c8daeca23ce7ba79c8e8120d52
                           .group:00000000 wm4.cmsis_gcc.h.26.91b63349961c35637933e4fba51b867b
                           .group:00000000 wm4.core_cm4.h.172.fdd5a388a160bb6ff767b7d7ee212268
                           .group:00000000 wm4.system_XMC4500.h.42.99124977c10ca8844a71949adbeabd70
                           .group:00000000 wm4.XMC4500.h.208.b340195df97f067735c4c769ba59985a
                           .group:00000000 wm4.xmc_device.h.1460.8860499b404961ffcfbb8d1fefcb2146
                           .group:00000000 wm4.xmc_common.h.92.3f4336a80569affab05a81145b87c2fc
                           .group:00000000 wm4.stdio.h.27.3fc80220048df77954e38daec3bb9670
                           .group:00000000 wm4.stdarg.h.34.3a23a216c0c293b3d2ea2e89281481e6
                           .group:00000000 wm4.stdio.h.47.dc31ec4674d7bcb103c9f08809549f45
                           .group:00000000 wm4.stdio.h.2.4aa87247282eca6c8f36f9de33d8df1a
                           .group:00000000 wm4.stdio.h.87.a1e20d2651f9bfb66e51bfbe849db00a
                           .group:00000000 wm4.MORSE_ENCODER.h.2.e49c77f1e726ace5bba8c5a495da1753

UNDEFINED SYMBOLS
puts
ConvertWordToMorseWord
